[colorrituals.webflow.io/index.html]
[backblue.gif]
[fade.gif]
[index.html]
[uploads-ssl.webflow.com/5ea9bcda61073b86302b2fbf/css/colorrituals.webflow.1a86e66e1.css]
[ajax.googleapis.com/ajax/libs/webfont/1.6.26/webfont.js]
[uploads-ssl.webflow.com/img/webclip.png]
[colorrituals.webflow.io/blog.html]
[colorrituals.webflow.io/photos/love-couple.html]
[uploads-ssl.webflow.com/5ea9bcda01ba9a2ecbb81e43/5eef86f50aad8964c6e08c02_IMG-3938.jpg]
[colorrituals.webflow.io/photos/mandala.html]
[uploads-ssl.webflow.com/5ea9bcda01ba9a2ecbb81e43/5eef85ee93028871ada2f91d_IMG-1391.jpg]
[colorrituals.webflow.io/photos/dark-night.html]
[uploads-ssl.webflow.com/5ea9bcda01ba9a2ecbb81e43/5eef8548ea709d81bd631984_IMG-1403.jpg]
[colorrituals.webflow.io/photos/peace-within.html]
[uploads-ssl.webflow.com/5ea9bcda01ba9a2ecbb81e43/5eef84cb39ecc060f24c4b71_thumb.jpg]
[colorrituals.webflow.io/photos/stary-night.html]
[uploads-ssl.webflow.com/5ea9bcda01ba9a2ecbb81e43/5eef81c769925c0907bea4f9_IMG-2889.jpg]
[colorrituals.webflow.io/photos/cold-mountains.html]
[uploads-ssl.webflow.com/5ea9bcda01ba9a2ecbb81e43/5eef811ee625d101d75ffcb4_IMG-2817.jpg]
[colorrituals.webflow.io/photos/milky-way.html]
[uploads-ssl.webflow.com/5ea9bcda01ba9a2ecbb81e43/5eef7fee60d29e796d5cab5a_IMG-2821.jpg]
[colorrituals.webflow.io/photos/falling-apart.html]
[uploads-ssl.webflow.com/5ea9bcda01ba9a2ecbb81e43/5eb064128a15abd10364d2d2_WhatsApp Image 2020-05-04 at 5.15.47 PM (2).jpg]
[colorrituals.webflow.io/photos/pool.html]
[uploads-ssl.webflow.com/5ea9bcda01ba9a2ecbb81e43/5eb0588efbc04b137790e0eb_WhatsApp Image 2020-05-04 at 5.15.48 PM (6).jpg]
[colorrituals.webflow.io/photos/tropical-vibes.html]
[uploads-ssl.webflow.com/5ea9bcda01ba9a2ecbb81e43/5eb04e6a3485d1983ccc6910_WhatsApp Image 2020-04-06 at 4.11.47 PM.jpg]
[colorrituals.webflow.io/photos/shine-bright.html]
[uploads-ssl.webflow.com/5ea9bcda01ba9a2ecbb81e43/5eb049161030ea30f4d84262_WhatsApp Image 2020-05-04 at 6.39.57 PM (1).jpg]
[colorrituals.webflow.io/photos/colors-of-human.html]
[uploads-ssl.webflow.com/5ea9bcda01ba9a2ecbb81e43/5eb034ff0b679006f73cf047_236452b0-230a-4929-85ce-69d66542ee09.jpg]
[colorrituals.webflow.io/photos/city.html]
[uploads-ssl.webflow.com/5ea9bcda01ba9a2ecbb81e43/5ea9bcda01ba9a39d5b81f0c_photo-1416934625760-d56f5e79f6fe-square700.jpg]
[colorrituals.webflow.io/photos/together.html]
[uploads-ssl.webflow.com/5ea9bcda01ba9a2ecbb81e43/5ea9bcda01ba9a1998b81f0a_photo-1427955569621-3e494de2b1d2-square700.jpg]
[colorrituals.webflow.io/photos/blue.html]
[uploads-ssl.webflow.com/5ea9bcda01ba9a2ecbb81e43/5ea9bcda01ba9a9bccb81f14_photo-1428184003419-4cfd6ab3d280-square700.jpg]
[colorrituals.webflow.io/photos/coast.html]
[uploads-ssl.webflow.com/5ea9bcda01ba9a2ecbb81e43/5ea9bcda01ba9a50aeb81f09_photo-1444090542259-0af8fa96557e-square700.jpg]
[colorrituals.webflow.io/photos/night.html]
[uploads-ssl.webflow.com/5ea9bcda01ba9a2ecbb81e43/5ea9bcda01ba9a23ebb81f0b_photo-1432251407527-504a6b4174a2-square700.jpg]
[colorrituals.webflow.io/photos/art.html]
[uploads-ssl.webflow.com/5ea9bcda01ba9a2ecbb81e43/5ea9bcda01ba9a4a7fb81f10_photo-1433155327100-12aac6a14ff1-square700.jpg]
[colorrituals.webflow.io/photos/play.html]
[uploads-ssl.webflow.com/5ea9bcda01ba9a2ecbb81e43/5ea9bcda01ba9ab8aeb81f18_photo-1433245437947-a0595ee87118-square700.jpg]
[colorrituals.webflow.io/photos/lift.html]
[uploads-ssl.webflow.com/5ea9bcda01ba9a2ecbb81e43/5ea9bcda01ba9aff00b81f16_photo-1436397543931-01c4a5162bdb-square700.jpg]
[colorrituals.webflow.io/photos/dog.html]
[uploads-ssl.webflow.com/5ea9bcda01ba9a2ecbb81e43/5ea9bcda01ba9a1a1fb81f12_photo-1441906363162-903afd0d3d52-square700.jpg]
[d3e54v103j8qbb.cloudfront.net/js/jquery-3.4.1.min.220afd743d38e3.js]
[colorrituals.webflow.io/index.html]
[uploads-ssl.webflow.com/5ea9bcda61073b86302b2fbf/js/webflow.5ed5e38e1.js]
[d3e54v103j8qbb.cloudfront.net/img/example-bg.png]
[uploads-ssl.webflow.com/5ea9bcda61073b86302b2fbf/css/colorrituals.webflow.1a86e66e1.css]
[colorrituals.webflow.io/blog-posts/london.html]
[colorrituals.webflow.io/blog-posts/traveler.html]
[colorrituals.webflow.io/blog-posts/hipster.html]
[colorrituals.webflow.io/blog-posts/modern-workplace.html]
[colorrituals.webflow.io/blog.html]
[colorrituals.webflow.io/photos/love-couple.html]
[colorrituals.webflow.io/photos/mandala.html]
[colorrituals.webflow.io/photos/dark-night.html]
[uploads-ssl.webflow.com/5ea9bcda01ba9a2ecbb81e43/5eef83039302888794a2f561_IMG-3717.jpg]
[uploads-ssl.webflow.com/5ea9bcda01ba9a2ecbb81e43/5eef831b70215ee37ac4f782_IMG-3715.jpg]
[uploads-ssl.webflow.com/5ea9bcda01ba9a2ecbb81e43/5eef82f42a1f37064c89775f_IMG-3718.jpg]
[colorrituals.webflow.io/photos/peace-within.html]
[colorrituals.webflow.io/photos/stary-night.html]
[uploads-ssl.webflow.com/5ea9bcda01ba9a2ecbb81e43/5eef813460d29e3e3b5cad87_IMG-2815.jpg]
[colorrituals.webflow.io/photos/cold-mountains.html]
[uploads-ssl.webflow.com/5ea9bcda01ba9a2ecbb81e43/5eef7f6b4b80910fd4ffe058_IMG-2819.jpg]
[uploads-ssl.webflow.com/5ea9bcda01ba9a2ecbb81e43/5eef829b60d29e136d5caf62_IMG-2818.jpg]
[uploads-ssl.webflow.com/5ea9bcda01ba9a2ecbb81e43/5eef82b20be60433174af127_IMG-2820.jpg]
[colorrituals.webflow.io/photos/milky-way.html]
[uploads-ssl.webflow.com/5ea9bcda01ba9a2ecbb81e43/5eb06450fbc04b6c22916610_WhatsApp Image 2020-05-04 at 5.15.47 PM (1).jpg]
[colorrituals.webflow.io/photos/falling-apart.html]
[uploads-ssl.webflow.com/5ea9bcda01ba9a2ecbb81e43/5eb058a1eae1f04a7cd19941_WhatsApp Image 2020-05-04 at 5.15.48 PM (4).jpg]
[uploads-ssl.webflow.com/5ea9bcda01ba9a2ecbb81e43/5eb058b28a52ddd940a09e65_WhatsApp Image 2020-05-04 at 5.15.48 PM (5).jpg]
[colorrituals.webflow.io/photos/pool.html]
[colorrituals.webflow.io/photos/tropical-vibes.html]
[uploads-ssl.webflow.com/5ea9bcda01ba9a2ecbb81e43/5eb04a8a90c3347d6b77aa48_WhatsApp Image 2020-05-04 at 6.43.38 PM.jpg]
[uploads-ssl.webflow.com/5ea9bcda01ba9a2ecbb81e43/5eb048ff0b6790ec0d3dd9d4_WhatsApp Image 2020-05-04 at 6.39.57 PM.jpg]
[colorrituals.webflow.io/photos/shine-bright.html]
[colorrituals.webflow.io/photos/colors-of-human.html]
[uploads-ssl.webflow.com/5ea9bcda01ba9a2ecbb81e43/5ea9bcda01ba9a0c40b81f11_photo-1416934625760-d56f5e79f6fe.jpg]
[uploads-ssl.webflow.com/5ea9bcda01ba9a2ecbb81e43/5ea9bcda01ba9a3d32b81f06_photo-1413977886085-3bbbf9a7cf6e.jpg]
[colorrituals.webflow.io/photos/city.html]
[uploads-ssl.webflow.com/5ea9bcda01ba9a2ecbb81e43/5ea9bcda01ba9a8ec3b81f0e_photo-1427955569621-3e494de2b1d2.jpg]
[uploads-ssl.webflow.com/5ea9bcda01ba9a2ecbb81e43/5ea9bcda01ba9a22f4b81f17_photo-1428184003419-4cfd6ab3d280.jpg]
[colorrituals.webflow.io/photos/together.html]
[colorrituals.webflow.io/photos/blue.html]
[uploads-ssl.webflow.com/5ea9bcda01ba9a2ecbb81e43/5ea9bcda01ba9ae79ab81f07_photo-1433268692728-cf766bc932ce.jpg]
[colorrituals.webflow.io/photos/coast.html]
[uploads-ssl.webflow.com/5ea9bcda01ba9a2ecbb81e43/5ea9bcda01ba9a9adab81f0f_photo-1432251407527-504a6b4174a2.jpg]
[colorrituals.webflow.io/photos/night.html]
[uploads-ssl.webflow.com/5ea9bcda01ba9a2ecbb81e43/5ea9bcda01ba9a54afb81f13_photo-1433155327100-12aac6a14ff1.jpg]
[uploads-ssl.webflow.com/5ea9bcda01ba9a2ecbb81e43/5ea9bcda01ba9a5b59b81f08_photo-1433890070408-084b6b305d72.jpg]
[colorrituals.webflow.io/photos/art.html]
[uploads-ssl.webflow.com/5ea9bcda01ba9a2ecbb81e43/5ea9bcda01ba9abbb7b81f1a_photo-1433245437947-a0595ee87118.jpg]
[colorrituals.webflow.io/photos/play.html]
[uploads-ssl.webflow.com/5ea9bcda01ba9a2ecbb81e43/5ea9bcda01ba9a7a1ab81f19_photo-1436397543931-01c4a5162bdb.jpg]
[colorrituals.webflow.io/photos/lift.html]
[uploads-ssl.webflow.com/5ea9bcda01ba9a2ecbb81e43/5ea9bcda01ba9a44cdb81f15_photo-1441906363162-903afd0d3d52.jpg]
[colorrituals.webflow.io/photos/dog.html]
[colorrituals.webflow.io/blog-posts/london.html]
[colorrituals.webflow.io/blog-posts/traveler.html]
[colorrituals.webflow.io/blog-posts/hipster.html]
[colorrituals.webflow.io/blog-posts/modern-workplace.html]
[colorrituals.webflow.io/about.html]
